[33m[nodemon] 3.1.14[39m
[33m[nodemon] to restart at any time, enter `rs`[39m
[33m[nodemon] watching path(s): *.*[39m
[33m[nodemon] watching extensions: js,mjs,cjs,json[39m
[32m[nodemon] starting `node src/app.js`[39m
◇ injected env (0) from .env // tip: ⌁ auth for agents [www.vestauth.com]
✅ Server is running on http://localhost:5000
[32m[nodemon] restarting due to changes...[39m
[32m[nodemon] restarting due to changes...[39m
[32m[nodemon] restarting due to changes...[39m
[32m[nodemon] starting `node src/app.js`[39m
◇ injected env (0) from .env // tip: ⌘ custom filepath { path: '/custom/path/.env' }
✅ Server is running on http://localhost:5000
[32m[nodemon] clean exit - waiting for changes before restart[39m
[32m[nodemon] restarting due to changes...[39m
[32m[nodemon] starting `node src/app.js`[39m
◇ injected env (0) from .env // tip: ◈ secrets for agents [www.dotenvx.com]
✅ Server is running on http://localhost:5000
[32m[nodemon] restarting due to changes...[39m
[32m[nodemon] starting `node src/app.js`[39m
[32m[nodemon] restarting due to changes...[39m
[32m[nodemon] starting `node src/app.js`[39m
◇ injected env (0) from .env // tip: ◈ encrypted .env [www.dotenvx.com]
✅ Server is running on http://localhost:5000
[32m[nodemon] restarting due to changes...[39m
[32m[nodemon] starting `node src/app.js`[39m
[32m[nodemon] restarting due to changes...[39m
[32m[nodemon] starting `node src/app.js`[39m
◇ injected env (0) from .env // tip: ⌘ custom filepath { path: '/custom/path/.env' }
✅ Server is running on http://localhost:5000
[32m[nodemon] clean exit - waiting for changes before restart[39m
